D:/gPort_PSDKv350_Flir/samples/sample_c/module_sample/gimbal_emu/test_payload_gimbal_emu.c:118:17:DjiTest_GimbalStartService	40	static
D:/gPort_PSDKv350_Flir/samples/sample_c/module_sample/gimbal_emu/test_payload_gimbal_emu.c:196:17:DjiTest_GimbalDeInit	32	static
D:/gPort_PSDKv350_Flir/samples/sample_c/module_sample/gimbal_emu/test_payload_gimbal_emu.c:231:17:DjiTest_GimbalRotate	104	static
D:/gPort_PSDKv350_Flir/samples/sample_c/module_sample/gimbal_emu/test_payload_gimbal_emu.c:404:14:UserGimbal_Task	120	static
D:/gPort_PSDKv350_Flir/samples/sample_c/module_sample/gimbal_emu/test_payload_gimbal_emu.c:665:24:GetSystemState	32	static
D:/gPort_PSDKv350_Flir/samples/sample_c/module_sample/gimbal_emu/test_payload_gimbal_emu.c:690:24:GetAttitudeInformation	32	static
D:/gPort_PSDKv350_Flir/samples/sample_c/module_sample/gimbal_emu/test_payload_gimbal_emu.c:714:24:GetCalibrationState	24	static
D:/gPort_PSDKv350_Flir/samples/sample_c/module_sample/gimbal_emu/test_payload_gimbal_emu.c:733:24:GetRotationSpeed	32	static
D:/gPort_PSDKv350_Flir/samples/sample_c/module_sample/gimbal_emu/test_payload_gimbal_emu.c:755:24:GetJointAngle	24	static
D:/gPort_PSDKv350_Flir/samples/sample_c/module_sample/gimbal_emu/test_payload_gimbal_emu.c:776:24:StartCalibrate	32	static
D:/gPort_PSDKv350_Flir/samples/sample_c/module_sample/gimbal_emu/test_payload_gimbal_emu.c:805:24:SetControllerSmoothFactor	32	static
D:/gPort_PSDKv350_Flir/samples/sample_c/module_sample/gimbal_emu/test_payload_gimbal_emu.c:840:24:SetPitchRangeExtensionEnabled	32	static
D:/gPort_PSDKv350_Flir/samples/sample_c/module_sample/gimbal_emu/test_payload_gimbal_emu.c:860:24:SetControllerMaxSpeedPercentage	32	static
D:/gPort_PSDKv350_Flir/samples/sample_c/module_sample/gimbal_emu/test_payload_gimbal_emu.c:894:24:RestoreFactorySettings	16	static
D:/gPort_PSDKv350_Flir/samples/sample_c/module_sample/gimbal_emu/test_payload_gimbal_emu.c:956:24:SetMode	32	static
D:/gPort_PSDKv350_Flir/samples/sample_c/module_sample/gimbal_emu/test_payload_gimbal_emu.c:987:24:Reset	56	static
D:/gPort_PSDKv350_Flir/samples/sample_c/module_sample/gimbal_emu/test_payload_gimbal_emu.c:1089:24:FineTuneAngle	88	static
D:/gPort_PSDKv350_Flir/samples/sample_c/module_sample/gimbal_emu/test_payload_gimbal_emu.c:1169:24:DjiTest_GimbalAngleLegalization	112	static
D:/gPort_PSDKv350_Flir/samples/sample_c/module_sample/gimbal_emu/test_payload_gimbal_emu.c:1261:1:DjiTest_GimbalCalculateSpeed	48	static
D:/gPort_PSDKv350_Flir/samples/sample_c/module_sample/gimbal_emu/test_payload_gimbal_emu.c:1291:13:DjiTest_GimbalSpeedLegalization	16	static
D:/gPort_PSDKv350_Flir/samples/sample_c/module_sample/gimbal_emu/test_payload_gimbal_emu.c:1308:24:DjiTest_GimbalCalculateGroundAttitudeBaseQuaternion	80	static
