<html>
<body>
<pre>
<h1>µVision Build Log</h1>
<h2>Tool Versions:</h2>
IDE-Version: µVision V5.37.0.0
Copyright (C) 2022 ARM Ltd and ARM Germany GmbH. All rights reserved.
License Information: Kinh nguyenvankinh0336749875@outlook.com, nst, LIC=CZLZX-HIC6G-ARWXW-QH0WP-C4LUK-K7SBY
 
Tool Versions:
Toolchain:       MDK-ARM Plus  Version: 5.37.0.0
Toolchain Path:  C:\Keil_v5\ARM\ARMCC\Bin
C Compiler:      Armcc.exe V5.06 update 2 (build 183)
Assembler:       Armasm.exe V5.06 update 2 (build 183)
Linker/Locator:  ArmLink.exe V5.06 update 2 (build 183)
Library Manager: ArmAr.exe V5.06 update 2 (build 183)
Hex Converter:   FromElf.exe V5.06 update 2 (build 183)
CPU DLL:         SARMCM3.DLL V5.37.0.0
Dialog DLL:      DCM.DLL V1.17.5.0
Target DLL:      UL2CM3.DLL V1.164.7.0
Dialog DLL:      TCM.DLL V1.56.1.0
 
<h2>Project:</h2>
D:\2022-work\firmware\gremsy\stm32\gPort_PSDKv350\samples\sample_c\platform\rtos_freertos\stm32f4_discovery\project\mdk\flir_duo_pro_r_camera.uvprojx
Project File Date:  06/20/2023

<h2>Output:</h2>
*** Using Compiler 'V5.06 update 2 (build 183)', folder: 'C:\Keil_v5\ARM\ARMCC\Bin'
Rebuild target 'mdk_app'
compiling test_data_transmission.c...
compiling file_binary_array_list_en.c...
compiling test_fc_subscription.c...
compiling test_camera_manager.c...
compiling test_gimbal_manager.c...
compiling test_flight_control.c...
compiling test_hms.c...
compiling test_payload_collaboration.c...
compiling test_payload_xport.c...
compiling test_payload_cam_emu_base.c...
compiling test_power_management.c...
compiling test_positioning.c...
compiling test_time_sync.c...
compiling test_upgrade.c...
compiling test_upgrade_common_file_transfer.c...
compiling test_upgrade_platform_opt.c...
compiling test_waypoint_v3.c...
compiling test_waypoint_v2.c...
compiling test_widget_speaker.c...
compiling util_buffer.c...
compiling util_file.c...
compiling util_md5.c...
compiling util_misc.c...
compiling util_time.c...
compiling test_payload_gimbal_emu.c...
compiling test_widget.c...
compiling hal_uart.c...
..\..\hal\hal_uart.c(58): warning:  #223-D: function "pvPortMalloc" declared implicitly
      uartHandleStruct = pvPortMalloc(sizeof(T_UartHandleStruct));
..\..\hal\hal_uart.c(58): warning:  #513-D: a value of type "int" cannot be assigned to an entity of type "T_UartHandleStruct *"
      uartHandleStruct = pvPortMalloc(sizeof(T_UartHandleStruct));
..\..\hal\hal_uart.c(77): warning:  #223-D: function "vPortFree" declared implicitly
      vPortFree(uartHandle);
..\..\hal\hal_uart.c: 3 warnings, 0 errors
compiling osal.c...
compiling main.c...
compiling dji_ringbuffer.c...
compiling flash_if.c...
compiling application.c...
compiling freertos.c...
compiling apply_high_power.c...
assembling startup_stm32f407xx.s...
compiling led.c...
compiling pps.c...
compiling stm32f4xx_hal_msp.c...
compiling stm32f4xx_it.c...
compiling stm32f4xx_hal_timebase_tim.c...
compiling system_stm32f4xx.c...
compiling upgrade_platform_opt_stm32.c...
compiling uart.c...
compiling usbh_cdc.c...
compiling usbh_ctlreq.c...
compiling usbh_ioreq.c...
compiling usbh_core.c...
compiling stm32f4xx_hal.c...
compiling uart_level_shifter.c...
compiling usbh_pipes.c...
compiling stm32f4xx_hal_dma_ex.c...
compiling stm32f4xx_hal_dma.c...
compiling stm32f4xx_hal_cortex.c...
compiling stm32f4xx_hal_flash_ex.c...
compiling stm32f4xx_hal_exti.c...
compiling stm32f4xx_hal_flash.c...
compiling stm32f4xx_hal_hcd.c...
compiling stm32f4xx_hal_flash_ramfunc.c...
compiling stm32f4xx_hal_gpio.c...
compiling stm32f4xx_hal_pwr.c...
compiling stm32f4xx_hal_pwr_ex.c...
compiling stm32f4xx_hal_rcc.c...
compiling stm32f4xx_hal_rcc_ex.c...
compiling stm32f4xx_hal_tim_ex.c...
compiling stm32f4xx_hal_tim.c...
compiling cmsis_os.c...
compiling heap_4.c...
compiling port.c...
compiling croutine.c...
compiling event_groups.c...
compiling list.c...
compiling queue.c...
compiling tasks.c...
compiling timers.c...
compiling stm32f4xx_hal_uart.c...
compiling stm32f4xx_ll_usb.c...
compiling usb_host.c...
compiling gsdk_mavlink.c...
compiling usbh_conf.c...
compiling som_hardware_reset.c...
compiling som_communication.c...
compiling gsdk_gimbal.c...
compiling gsdk_flir_camera.c...
linking...
Program Size: Code=311624 RO-data=111172 RW-data=20988 ZI-data=108388  
After Build - User command #1: C:\Keil_v5\ARM\ARMCC\Bin\fromelf.exe .\Objects\mdk_app.axf --bin --output .\PixyF_V03.05.00.00.bin
".\Objects\mdk_app.axf" - 0 Error(s), 3 Warning(s).

<h2>Software Packages used:</h2>

Package Vendor: Keil
                http://www.keil.com/pack/Keil.STM32F4xx_DFP.2.13.0.pack
                Keil.STM32F4xx_DFP.2.13.0
                STMicroelectronics STM32F4 Series Device Support, Drivers and Examples

<h2>Collection of Component include folders:</h2>
  C:/Keil_v5/ARM/PACK/Keil/STM32F4xx_DFP/2.13.0/Drivers/CMSIS/Device/ST/STM32F4xx/Include

<h2>Collection of Component Files used:</h2>
Build Time Elapsed:  00:01:27
</pre>
</body>
</html>
