<html>
<body>
<pre>
<h1>µVision Build Log</h1>
<h2>Tool Versions:</h2>
IDE-Version: µVision V5.37.0.0
Copyright (C) 2022 ARM Ltd and ARM Germany GmbH. All rights reserved.
License Information: Kinh nguyenvankinh0336749875@outlook.com, nst, LIC=CZLZX-HIC6G-ARWXW-QH0WP-C4LUK-K7SBY
 
Tool Versions:
Toolchain:       MDK-ARM Plus  Version: 5.37.0.0
Toolchain Path:  C:\Keil_v5\ARM\ARMCC\Bin
C Compiler:      Armcc.exe V5.06 update 2 (build 183)
Assembler:       Armasm.exe V5.06 update 2 (build 183)
Linker/Locator:  ArmLink.exe V5.06 update 2 (build 183)
Library Manager: ArmAr.exe V5.06 update 2 (build 183)
Hex Converter:   FromElf.exe V5.06 update 2 (build 183)
CPU DLL:         SARMCM3.DLL V5.37.0.0
Dialog DLL:      DCM.DLL V1.17.5.0
Target DLL:      STLink\ST-LINKIII-KEIL_SWO.dll V3.0.9.0
Dialog DLL:      TCM.DLL V1.56.1.0
 
<h2>Project:</h2>
D:\2022-work\firmware\gremsy\stm32\gPort_sdk_v3\samples\sample_c\platform\rtos_freertos\stm32f4_discovery\project\mdk\mdk_app.uvprojx
Project File Date:  06/09/2023

<h2>Output:</h2>
*** Using Compiler 'V5.06 update 2 (build 183)', folder: 'C:\Keil_v5\ARM\ARMCC\Bin'
Build target 'mdk_app'
Note: source file '..\..\..\..\..\module_sample\widget_interaction_test\file_binary_array_list_en.c' - object file renamed from '.\Objects\file_binary_array_list_en.o' to '.\Objects\file_binary_array_list_en_1.o'.
compiling test_widget.c...
compiling gsdk_wws_camera.c...
linking...
Program Size: Code=318544 RO-data=108328 RW-data=20884 ZI-data=109404  
After Build - User command #1: C:\Keil_v5\ARM\ARMCC\Bin\fromelf.exe .\Objects\mdk_app.axf --bin --output .\PixyWS_V00000001.bin
".\Objects\mdk_app.axf" - 0 Error(s), 0 Warning(s).

<h2>Software Packages used:</h2>

Package Vendor: Keil
                http://www.keil.com/pack/Keil.STM32F4xx_DFP.2.13.0.pack
                Keil.STM32F4xx_DFP.2.13.0
                STMicroelectronics STM32F4 Series Device Support, Drivers and Examples

<h2>Collection of Component include folders:</h2>
  C:/Keil_v5/ARM/PACK/Keil/STM32F4xx_DFP/2.13.0/Drivers/CMSIS/Device/ST/STM32F4xx/Include

<h2>Collection of Component Files used:</h2>
Build Time Elapsed:  00:00:07
</pre>
</body>
</html>
