D:/gPort_PSDKv350_Flir/gremsy_lib/mavlink/ardupilotmega/../protocol.h:171:20:mav_array_memcpy	24	static
D:/gPort_PSDKv350_Flir/gremsy_lib/mavlink/ardupilotmega/./mavlink_msg_mount_status.h:103:24:mavlink_msg_mount_status_pack_chan	48	static
D:/gPort_PSDKv350_Flir/gremsy_lib/mavlink/ardupilotmega/./mavlink_msg_mount_status.h:153:24:mavlink_msg_mount_status_encode_chan	56	static
D:/gPort_PSDKv350_Flir/gremsy_lib/mavlink/ardupilotmega/../common/./mavlink_msg_system_time.h:82:24:mavlink_msg_system_time_pack_chan	48	static
D:/gPort_PSDKv350_Flir/gremsy_lib/mavlink/ardupilotmega/../common/./mavlink_msg_system_time.h:126:24:mavlink_msg_system_time_encode_chan	40	static
D:/gPort_PSDKv350_Flir/gremsy_lib/mavlink/ardupilotmega/../common/./mavlink_msg_ping.h:96:24:mavlink_msg_ping_pack_chan	48	static
D:/gPort_PSDKv350_Flir/gremsy_lib/mavlink/ardupilotmega/../common/./mavlink_msg_ping.h:144:24:mavlink_msg_ping_encode_chan	56	static
D:/gPort_PSDKv350_Flir/gremsy_lib/mavlink/ardupilotmega/../common/./mavlink_msg_attitude.h:117:24:mavlink_msg_attitude_pack_chan	88	static
D:/gPort_PSDKv350_Flir/gremsy_lib/mavlink/ardupilotmega/../common/./mavlink_msg_attitude.h:171:24:mavlink_msg_attitude_encode_chan	24	static
D:/gPort_PSDKv350_Flir/gremsy_lib/mavlink/ardupilotmega/../common/./mavlink_msg_global_position_int.h:131:24:mavlink_msg_global_position_int_pack_chan	64	static
D:/gPort_PSDKv350_Flir/gremsy_lib/mavlink/ardupilotmega/../common/./mavlink_msg_global_position_int.h:189:24:mavlink_msg_global_position_int_encode_chan	80	static
D:/gPort_PSDKv350_Flir/gremsy_lib/mavlink/ardupilotmega/../common/./mavlink_msg_global_position_int_cov.h:136:24:mavlink_msg_global_position_int_cov_pack_chan	232	static
D:/gPort_PSDKv350_Flir/gremsy_lib/mavlink/ardupilotmega/../common/./mavlink_msg_global_position_int_cov.h:194:24:mavlink_msg_global_position_int_cov_encode_chan	64	static
D:/gPort_PSDKv350_Flir/gremsy_lib/mavlink/ardupilotmega/../common/./mavlink_msg_request_data_stream.h:300:20:mavlink_msg_request_data_stream_decode	24	static
D:/gPort_PSDKv350_Flir/gremsy_lib/mavlink/ardupilotmega/../common/./mavlink_msg_command_long.h:145:24:mavlink_msg_command_long_pack_chan	104	static
D:/gPort_PSDKv350_Flir/gremsy_lib/mavlink/ardupilotmega/../common/./mavlink_msg_command_long.h:207:24:mavlink_msg_command_long_encode_chan	48	static
D:/gPort_PSDKv350_Flir/gremsy_lib/mavlink/ardupilotmega/../common/./mavlink_msg_command_ack.h:324:20:mavlink_msg_command_ack_decode	24	static
D:/gPort_PSDKv350_Flir/gremsy_lib/mavlink/ardupilotmega/../common/./mavlink_msg_hil_gps.h:173:24:mavlink_msg_hil_gps_pack_chan	88	static
D:/gPort_PSDKv350_Flir/gremsy_lib/mavlink/ardupilotmega/../common/./mavlink_msg_hil_gps.h:243:24:mavlink_msg_hil_gps_encode_chan	144	static
D:/gPort_PSDKv350_Flir/gremsy_lib/mavlink/ardupilotmega/../common/../minimal/./mavlink_msg_heartbeat.h:108:24:mavlink_msg_heartbeat_pack_chan	48	static
D:/gPort_PSDKv350_Flir/gremsy_lib/mavlink/ardupilotmega/../common/../minimal/./mavlink_msg_heartbeat.h:160:24:mavlink_msg_heartbeat_encode_chan	56	static
D:/gPort_PSDKv350_Flir/gremsy_lib/mavlink/ardupilotmega/../common/../minimal/./mavlink_msg_heartbeat.h:321:20:mavlink_msg_heartbeat_decode	24	static
D:/gPort_PSDKv350_Flir/gremsy_lib/camera/gsdk_flir_camera.c:276:17:GsdkFlir_SetParams	32	static
D:/gPort_PSDKv350_Flir/gremsy_lib/camera/gsdk_flir_camera.c:302:17:GsdkFlir_GetParams	40	static
D:/gPort_PSDKv350_Flir/gremsy_lib/camera/gsdk_flir_camera.c:328:6:GremsyFLIR_isConnected	24	static
D:/gPort_PSDKv350_Flir/gremsy_lib/camera/gsdk_flir_camera.c:354:17:GremsyFLIR_SendHeartbeat	616	static
D:/gPort_PSDKv350_Flir/gremsy_lib/camera/gsdk_flir_camera.c:418:17:GremsyFLIR_SendPing	600	static
D:/gPort_PSDKv350_Flir/gremsy_lib/camera/gsdk_flir_camera.c:472:17:GremsyFLIR_SendSystemTime	600	static
D:/gPort_PSDKv350_Flir/gremsy_lib/camera/gsdk_flir_camera.c:513:17:GremsyFLIR_SendAttitude	616	static
D:/gPort_PSDKv350_Flir/gremsy_lib/camera/gsdk_flir_camera.c:564:17:GremsyFLIR_SendGlobalPositionInit	632	static
D:/gPort_PSDKv350_Flir/gremsy_lib/camera/gsdk_flir_camera.c:640:17:GremsyFLIR_SendGlobalPositionInitCov	784	static
D:/gPort_PSDKv350_Flir/gremsy_lib/camera/gsdk_flir_camera.c:722:17:GremsyFLIR_SendHilGPS	624	static
D:/gPort_PSDKv350_Flir/gremsy_lib/camera/gsdk_flir_camera.c:790:17:GremsyFLIR_SendMountStatus	608	static
D:/gPort_PSDKv350_Flir/gremsy_lib/camera/gsdk_flir_camera.c:845:17:GremsyFLIR_SendDoControlVideo	648	static
D:/gPort_PSDKv350_Flir/gremsy_lib/camera/gsdk_flir_camera.c:932:17:GremsyFLIR_SendDoDigicamConfigure	648	static
D:/gPort_PSDKv350_Flir/gremsy_lib/camera/gsdk_flir_camera.c:1031:17:GremsyFLIR_SendDoDigicamControl	672	static
D:/gPort_PSDKv350_Flir/gremsy_lib/camera/gsdk_flir_camera.c:1123:17:GremsyFLIR_SendZoom	648	static
D:/gPort_PSDKv350_Flir/gremsy_lib/camera/gsdk_flir_camera.c:1224:17:GremsyFLIR_SendImageStartCapture	640	static
D:/gPort_PSDKv350_Flir/gremsy_lib/camera/gsdk_flir_camera.c:1309:17:GremsyFLIR_SendImageStopCapture	640	static
D:/gPort_PSDKv350_Flir/gremsy_lib/camera/gsdk_flir_camera.c:1394:17:GremsyFLIR_SendVideoStartCapture	640	static
D:/gPort_PSDKv350_Flir/gremsy_lib/camera/gsdk_flir_camera.c:1478:17:GremsyFLIR_SendVideoStopCapture	640	static
D:/gPort_PSDKv350_Flir/gremsy_lib/camera/gsdk_flir_camera.c:1562:17:GremsyFLIR_SendUser1	648	static
D:/gPort_PSDKv350_Flir/gremsy_lib/camera/gsdk_flir_camera.c:1652:17:GremsyFLIR_SendRequestInfo	632	static
D:/gPort_PSDKv350_Flir/gremsy_lib/camera/gsdk_flir_camera.c:1706:6:PsdkCamera_HandleMessage	88	static
D:/gPort_PSDKv350_Flir/gremsy_lib/camera/gsdk_flir_camera.c:1799:12:PsdkCameraFlir_Read	24	static
D:/gPort_PSDKv350_Flir/gremsy_lib/camera/gsdk_flir_camera.c:1813:12:PsdkCameraFlir_Write	24	static
D:/gPort_PSDKv350_Flir/gremsy_lib/camera/gsdk_flir_camera.c:1830:17:FlirCameraProto_RegSendDataFunc	16	static
D:/gPort_PSDKv350_Flir/gremsy_lib/camera/gsdk_flir_camera.c:1845:17:FlirCameraProto_RegRecvDataFunc	16	static
D:/gPort_PSDKv350_Flir/gremsy_lib/camera/gsdk_flir_camera.c:1862:24:FlirProt_ProcessReceiveData	24	static
D:/gPort_PSDKv350_Flir/gremsy_lib/camera/gsdk_flir_camera.c:1884:17:FLIRProto_CameraInit	40	static
D:/gPort_PSDKv350_Flir/gremsy_lib/camera/gsdk_flir_camera.c:1939:14:CameraRecTask	40	static
D:/gPort_PSDKv350_Flir/gremsy_lib/camera/gsdk_flir_camera.c:2000:14:ProcessCommandTask	96	static
D:/gPort_PSDKv350_Flir/gremsy_lib/camera/gsdk_flir_camera.c:2388:17:GsdkFLIR_CameraInit	40	static
D:/gPort_PSDKv350_Flir/gremsy_lib/camera/gsdk_flir_camera.c:2418:17:GsdkFLIR_CameraDeInit	4	static
D:/gPort_PSDKv350_Flir/gremsy_lib/camera/gsdk_flir_camera.c:2423:17:GsdkFLIR_CameraSetEvent	16	static
