D:/gPort_PSDKv350_Flir/samples/sample_c/module_sample/flight_control/test_flight_control.c:111:17:DjiTest_FlightControlRunSample	32	static
D:/gPort_PSDKv350_Flir/samples/sample_c/module_sample/flight_control/test_flight_control.c:138:17:DjiTest_FlightControlInit	24	static
D:/gPort_PSDKv350_Flir/samples/sample_c/module_sample/flight_control/test_flight_control.c:235:17:DjiTest_FlightControlDeInit	24	static
D:/gPort_PSDKv350_Flir/samples/sample_c/module_sample/flight_control/test_flight_control.c:256:6:DjiTest_FlightControlTakeOffLandingSample	24	static
D:/gPort_PSDKv350_Flir/samples/sample_c/module_sample/flight_control/test_flight_control.c:303:6:DjiTest_FlightControlPositionControlSample	64	static
D:/gPort_PSDKv350_Flir/samples/sample_c/module_sample/flight_control/test_flight_control.c:372:6:DjiTest_FlightControlGoHomeForceLandingSample	64	static
D:/gPort_PSDKv350_Flir/samples/sample_c/module_sample/flight_control/test_flight_control.c:466:6:DjiTest_FlightControlVelocityControlSample	72	static
D:/gPort_PSDKv350_Flir/samples/sample_c/module_sample/flight_control/test_flight_control.c:593:6:DjiTest_FlightControlArrestFlyingSample	24	static
D:/gPort_PSDKv350_Flir/samples/sample_c/module_sample/flight_control/test_flight_control.c:660:6:DjiTest_FlightControlSetGetParamSample	40	static
D:/gPort_PSDKv350_Flir/samples/sample_c/module_sample/flight_control/test_flight_control.c:884:6:DjiTest_FlightControlSample	16	static
D:/gPort_PSDKv350_Flir/samples/sample_c/module_sample/flight_control/test_flight_control.c:916:9:DjiTest_FlightControlGetDisplayModeIndex	24	static
D:/gPort_PSDKv350_Flir/samples/sample_c/module_sample/flight_control/test_flight_control.c:929:33:DjiTest_FlightControlGetValueOfFlightStatus	40	static
D:/gPort_PSDKv350_Flir/samples/sample_c/module_sample/flight_control/test_flight_control.c:952:32:DjiTest_FlightControlGetValueOfDisplayMode	40	static
D:/gPort_PSDKv350_Flir/samples/sample_c/module_sample/flight_control/test_flight_control.c:975:33:DjiTest_FlightControlGetValueOfHeightFusion	40	static
D:/gPort_PSDKv350_Flir/samples/sample_c/module_sample/flight_control/test_flight_control.c:996:31:DjiTest_FlightControlGetValueOfQuaternion	128	static
D:/gPort_PSDKv350_Flir/samples/sample_c/module_sample/flight_control/test_flight_control.c:1018:34:DjiTest_FlightControlGetValueOfPositionFused	104	static
D:/gPort_PSDKv350_Flir/samples/sample_c/module_sample/flight_control/test_flight_control.c:1041:11:DjiTest_FlightControlGetValueOfRelativeHeight	48	static
D:/gPort_PSDKv350_Flir/samples/sample_c/module_sample/flight_control/test_flight_control.c:1080:6:DjiTest_FlightControlMotorStartedCheck	16	static
D:/gPort_PSDKv350_Flir/samples/sample_c/module_sample/flight_control/test_flight_control.c:1094:6:DjiTest_FlightControlTakeOffInAirCheck	16	static
D:/gPort_PSDKv350_Flir/samples/sample_c/module_sample/flight_control/test_flight_control.c:1110:6:takeoffFinishedCheck	8	static
D:/gPort_PSDKv350_Flir/samples/sample_c/module_sample/flight_control/test_flight_control.c:1121:6:DjiTest_FlightControlLandFinishedCheck	8	static
D:/gPort_PSDKv350_Flir/samples/sample_c/module_sample/flight_control/test_flight_control.c:1132:6:DjiTest_FlightControlCheckActionStarted	40	static
D:/gPort_PSDKv350_Flir/samples/sample_c/module_sample/flight_control/test_flight_control.c:1155:6:DjiTest_FlightControlMonitoredTakeoff	24	static
D:/gPort_PSDKv350_Flir/samples/sample_c/module_sample/flight_control/test_flight_control.c:1191:6:DjiTest_FlightControlMonitoredLanding	24	static
D:/gPort_PSDKv350_Flir/samples/sample_c/module_sample/flight_control/test_flight_control.c:1217:6:DjiTest_FlightControlGoHomeAndConfirmLanding	32	static
D:/gPort_PSDKv350_Flir/samples/sample_c/module_sample/flight_control/test_flight_control.c:1297:32:DjiTest_FlightControlQuaternionToEulerAngle	112	static
D:/gPort_PSDKv350_Flir/samples/sample_c/module_sample/flight_control/test_flight_control.c:1315:1:DjiTest_FlightControlLocalOffsetFromGpsAndFusedHeightOffset	80	static
D:/gPort_PSDKv350_Flir/samples/sample_c/module_sample/flight_control/test_flight_control.c:1330:32:DjiTest_FlightControlVector3FSub	72	static
D:/gPort_PSDKv350_Flir/samples/sample_c/module_sample/flight_control/test_flight_control.c:1340:5:DjiTest_FlightControlSignOfData	16	static
D:/gPort_PSDKv350_Flir/samples/sample_c/module_sample/flight_control/test_flight_control.c:1345:6:DjiTest_FlightControlHorizCommandLimit	24	static
D:/gPort_PSDKv350_Flir/samples/sample_c/module_sample/flight_control/test_flight_control.c:1353:11:DjiTest_FlightControlVectorNorm	32	static
D:/gPort_PSDKv350_Flir/samples/sample_c/module_sample/flight_control/test_flight_control.c:1359:1:DjiTest_FlightControlMoveByPositionOffset	272	static
D:/gPort_PSDKv350_Flir/samples/sample_c/module_sample/flight_control/test_flight_control.c:1454:6:DjiTest_FlightControlVelocityAndYawRateCtrl	72	static
D:/gPort_PSDKv350_Flir/samples/sample_c/module_sample/flight_control/test_flight_control.c:1484:1:DjiTest_FlightControlJoystickCtrlAuthSwitchEventCallback	16	static
