D:/gPort_PSDKv350_Flir/gremsy_lib/mavlink/ardupilotmega/../protocol.h:171:20:mav_array_memcpy	24	static
D:/gPort_PSDKv350_Flir/gremsy_lib/mavlink/ardupilotmega/../common/./mavlink_msg_log_request_data.h:300:20:mavlink_msg_log_request_data_decode	24	static
D:/gPort_PSDKv350_Flir/gremsy_lib/mavlink/ardupilotmega/../common/./mavlink_msg_log_data.h:94:24:mavlink_msg_log_data_pack_chan	136	static
D:/gPort_PSDKv350_Flir/gremsy_lib/mavlink/ardupilotmega/../common/./mavlink_msg_log_data.h:140:24:mavlink_msg_log_data_encode_chan	48	static
D:/gPort_PSDKv350_Flir/gremsy_lib/mavlink/ardupilotmega/../common/./mavlink_msg_onboard_computer_status.h:665:20:mavlink_msg_onboard_computer_status_decode	24	static
D:/gPort_PSDKv350_Flir/gremsy_lib/mavlink/ardupilotmega/../common/../minimal/./mavlink_msg_heartbeat.h:108:24:mavlink_msg_heartbeat_pack_chan	48	static
D:/gPort_PSDKv350_Flir/gremsy_lib/mavlink/ardupilotmega/../common/../minimal/./mavlink_msg_heartbeat.h:160:24:mavlink_msg_heartbeat_encode_chan	56	static
D:/gPort_PSDKv350_Flir/gremsy_lib/mavlink/ardupilotmega/../common/../minimal/./mavlink_msg_heartbeat.h:321:20:mavlink_msg_heartbeat_decode	24	static
D:/gPort_PSDKv350_Flir/gremsy_lib/som/som_communication.c:137:5:SomComm_SendDataFrame	32	static
D:/gPort_PSDKv350_Flir/gremsy_lib/som/som_communication.c:163:17:SomComm_SendHeatbeat	592	static
D:/gPort_PSDKv350_Flir/gremsy_lib/som/som_communication.c:218:17:SomComm_SendLogData	704	static
D:/gPort_PSDKv350_Flir/gremsy_lib/som/som_communication.c:300:17:SomComm_GetOnboardStatus	16	static
D:/gPort_PSDKv350_Flir/gremsy_lib/som/som_communication.c:316:9:SomComm_GetSomState	4	static
D:/gPort_PSDKv350_Flir/gremsy_lib/som/som_communication.c:327:17:SomComm_SetSomState	4	static
D:/gPort_PSDKv350_Flir/gremsy_lib/som/som_communication.c:343:6:SomComm_HandleMessage	64	static
D:/gPort_PSDKv350_Flir/gremsy_lib/som/som_communication.c:411:17:SomComm_SetLogData	16	static
D:/gPort_PSDKv350_Flir/gremsy_lib/som/som_communication.c:442:17:SomComm_netWorkInit	32	static
D:/gPort_PSDKv350_Flir/gremsy_lib/som/som_communication.c:455:17:SomComm_netWorkDeInit	16	static
D:/gPort_PSDKv350_Flir/gremsy_lib/som/som_communication.c:460:17:SomComm_networkGetDeviceInfo	16	static
D:/gPort_PSDKv350_Flir/gremsy_lib/som/som_communication.c:469:13:SomComm_setPayLoadNetWorkIP	48	static
D:/gPort_PSDKv350_Flir/gremsy_lib/som/som_communication.c:511:14:SomComm_RecvTask	344	static
D:/gPort_PSDKv350_Flir/gremsy_lib/som/som_communication.c:555:14:SomComm_ProcessTask	48	static
D:/gPort_PSDKv350_Flir/gremsy_lib/som/som_communication.c:638:17:SomComm_Init	32	static
