D:/gPort_PSDKv350_Flir/samples/sample_c/module_sample/camera_manager/test_camera_manager.c:96:17:DjiTest_CameraManagerSetEV	48	static
D:/gPort_PSDKv350_Flir/samples/sample_c/module_sample/camera_manager/test_camera_manager.c:133:17:DjiTest_CameraManagerSetExposureMode	64	static
D:/gPort_PSDKv350_Flir/samples/sample_c/module_sample/camera_manager/test_camera_manager.c:174:17:DjiTest_CameraManagerSetISO	48	static
D:/gPort_PSDKv350_Flir/samples/sample_c/module_sample/camera_manager/test_camera_manager.c:216:17:DjiTest_CameraManagerSetShutterSpeed	48	static
D:/gPort_PSDKv350_Flir/samples/sample_c/module_sample/camera_manager/test_camera_manager.c:256:17:DjiTest_CameraManagerSetAperture	48	static
D:/gPort_PSDKv350_Flir/samples/sample_c/module_sample/camera_manager/test_camera_manager.c:305:17:DjiTest_CameraManagerSetFocusPoint	80	static
D:/gPort_PSDKv350_Flir/samples/sample_c/module_sample/camera_manager/test_camera_manager.c:347:17:DjiTest_CameraManagerSetTapZoomPoint	80	static
D:/gPort_PSDKv350_Flir/samples/sample_c/module_sample/camera_manager/test_camera_manager.c:398:17:DjiTest_CameraManagerOpticalZoom	72	static
D:/gPort_PSDKv350_Flir/samples/sample_c/module_sample/camera_manager/test_camera_manager.c:440:17:DjiTest_CameraManagerStartContinuousZoom	40	static
D:/gPort_PSDKv350_Flir/samples/sample_c/module_sample/camera_manager/test_camera_manager.c:465:17:DjiTest_CameraManagerStopContinuousZoom	40	static
D:/gPort_PSDKv350_Flir/samples/sample_c/module_sample/camera_manager/test_camera_manager.c:488:17:DjiTest_CameraManagerStartShootSinglePhoto	56	static
D:/gPort_PSDKv350_Flir/samples/sample_c/module_sample/camera_manager/test_camera_manager.c:549:17:DjiTest_CameraManagerStartShootBurstPhoto	56	static
D:/gPort_PSDKv350_Flir/samples/sample_c/module_sample/camera_manager/test_camera_manager.c:623:17:DjiTest_CameraManagerStartShootAEBPhoto	56	static
D:/gPort_PSDKv350_Flir/samples/sample_c/module_sample/camera_manager/test_camera_manager.c:697:17:DjiTest_CameraManagerStartShootIntervalPhoto	72	static
D:/gPort_PSDKv350_Flir/samples/sample_c/module_sample/camera_manager/test_camera_manager.c:775:17:DjiTest_CameraManagerStopShootPhoto	40	static
D:/gPort_PSDKv350_Flir/samples/sample_c/module_sample/camera_manager/test_camera_manager.c:798:17:DjiTest_CameraManagerStartRecordVideo	56	static
D:/gPort_PSDKv350_Flir/samples/sample_c/module_sample/camera_manager/test_camera_manager.c:845:17:DjiTest_CameraManagerStopRecordVideo	40	static
D:/gPort_PSDKv350_Flir/samples/sample_c/module_sample/camera_manager/test_camera_manager.c:859:17:DjiTest_CameraManagerRunSample	96	static
D:/gPort_PSDKv350_Flir/samples/sample_c/module_sample/camera_manager/test_camera_manager.c:1266:16:DjiTest_CameraManagerGetCameraTypeIndex	24	static
D:/gPort_PSDKv350_Flir/samples/sample_c/module_sample/camera_manager/test_camera_manager.c:1279:24:DjiTest_CameraManagerMediaDownloadAndDeleteMediaFile	112	static
D:/gPort_PSDKv350_Flir/samples/sample_c/module_sample/camera_manager/test_camera_manager.c:1366:24:DjiTest_CameraManagerMediaDownloadFileListBySlices	120	static
D:/gPort_PSDKv350_Flir/samples/sample_c/module_sample/camera_manager/test_camera_manager.c:1437:24:DjiTest_CameraManagerDownloadFileDataCallback	64	static
D:/gPort_PSDKv350_Flir/samples/sample_c/module_sample/camera_manager/test_camera_manager.c:1489:24:DjiTest_CameraManagerGetPointThermometryData	96	static
D:/gPort_PSDKv350_Flir/samples/sample_c/module_sample/camera_manager/test_camera_manager.c:1525:24:DjiTest_CameraManagerGetAreaThermometryData	200	static
D:/gPort_PSDKv350_Flir/samples/sample_c/module_sample/camera_manager/test_camera_manager.c:1570:24:DjiTest_CameraManagerGetLidarRangingInfo	152	static
