D:/gPort_PSDKv350_Flir/gremsy_lib/mavlink/ardupilotmega/../protocol.h:171:20:mav_array_memcpy	24	static
D:/gPort_PSDKv350_Flir/gremsy_lib/mavlink/ardupilotmega/../common/./mavlink_msg_sys_status.h:492:20:mavlink_msg_sys_status_decode	24	static
D:/gPort_PSDKv350_Flir/gremsy_lib/mavlink/ardupilotmega/../common/./mavlink_msg_param_request_read.h:94:24:mavlink_msg_param_request_read_pack_chan	56	static
D:/gPort_PSDKv350_Flir/gremsy_lib/mavlink/ardupilotmega/../common/./mavlink_msg_param_request_read.h:140:24:mavlink_msg_param_request_read_encode_chan	48	static
D:/gPort_PSDKv350_Flir/gremsy_lib/mavlink/ardupilotmega/../common/./mavlink_msg_param_value.h:292:20:mavlink_msg_param_value_decode	24	static
D:/gPort_PSDKv350_Flir/gremsy_lib/mavlink/ardupilotmega/../common/./mavlink_msg_param_set.h:63:24:mavlink_msg_param_set_pack	56	static
D:/gPort_PSDKv350_Flir/gremsy_lib/mavlink/ardupilotmega/../common/./mavlink_msg_param_set.h:135:24:mavlink_msg_param_set_encode	48	static
D:/gPort_PSDKv350_Flir/gremsy_lib/mavlink/ardupilotmega/../common/./mavlink_msg_raw_imu.h:468:20:mavlink_msg_raw_imu_decode	24	static
D:/gPort_PSDKv350_Flir/gremsy_lib/mavlink/ardupilotmega/../common/./mavlink_msg_attitude.h:117:24:mavlink_msg_attitude_pack_chan	88	static
D:/gPort_PSDKv350_Flir/gremsy_lib/mavlink/ardupilotmega/../common/./mavlink_msg_attitude.h:171:24:mavlink_msg_attitude_encode_chan	24	static
D:/gPort_PSDKv350_Flir/gremsy_lib/mavlink/ardupilotmega/../common/./mavlink_msg_command_long.h:145:24:mavlink_msg_command_long_pack_chan	104	static
D:/gPort_PSDKv350_Flir/gremsy_lib/mavlink/ardupilotmega/../common/./mavlink_msg_command_long.h:207:24:mavlink_msg_command_long_encode_chan	48	static
D:/gPort_PSDKv350_Flir/gremsy_lib/mavlink/ardupilotmega/../common/./mavlink_msg_mount_orientation.h:300:20:mavlink_msg_mount_orientation_decode	24	static
D:/gPort_PSDKv350_Flir/gremsy_lib/mavlink/ardupilotmega/../common/../minimal/./mavlink_msg_heartbeat.h:108:24:mavlink_msg_heartbeat_pack_chan	48	static
D:/gPort_PSDKv350_Flir/gremsy_lib/mavlink/ardupilotmega/../common/../minimal/./mavlink_msg_heartbeat.h:160:24:mavlink_msg_heartbeat_encode_chan	56	static
D:/gPort_PSDKv350_Flir/gremsy_lib/mavlink/ardupilotmega/../common/../minimal/./mavlink_msg_heartbeat.h:321:20:mavlink_msg_heartbeat_decode	24	static
D:/gPort_PSDKv350_Flir/gremsy_lib/gimbal/gsdk_gimbal.c:440:5:comm_receive_bufer	24	static
D:/gPort_PSDKv350_Flir/gremsy_lib/gimbal/gsdk_gimbal.c:458:5:gimbal_comm_send_buffer	32	static
D:/gPort_PSDKv350_Flir/gremsy_lib/gimbal/gsdk_gimbal.c:493:6:GremsyGMB_IsPresent	48	static
D:/gPort_PSDKv350_Flir/gremsy_lib/gimbal/gsdk_gimbal.c:525:6:GremsyGMB_IsAlgined	8	static
D:/gPort_PSDKv350_Flir/gremsy_lib/gimbal/gsdk_gimbal.c:534:13:get_gimbal_model	16	static
D:/gPort_PSDKv350_Flir/gremsy_lib/gimbal/gsdk_gimbal.c:593:24:mavlinkSendCommandLong	624	static
D:/gPort_PSDKv350_Flir/gremsy_lib/gimbal/gsdk_gimbal.c:643:17:GremsyGMB_SetReboot	40	static
D:/gPort_PSDKv350_Flir/gremsy_lib/gimbal/gsdk_gimbal.c:670:17:GremsyGMB_SendHeatbeat	592	static
D:/gPort_PSDKv350_Flir/gremsy_lib/gimbal/gsdk_gimbal.c:725:17:GremsyGMB_SetRotation	56	static
D:/gPort_PSDKv350_Flir/gremsy_lib/gimbal/gsdk_gimbal.c:756:17:GremsyGMB_SetSpeed	64	static
D:/gPort_PSDKv350_Flir/gremsy_lib/gimbal/gsdk_gimbal.c:789:17:GremsyGMB_SendAttitude	616	static
D:/gPort_PSDKv350_Flir/gremsy_lib/gimbal/gsdk_gimbal.c:838:17:GremsyGMB_SendParamRequestRead	616	static
D:/gPort_PSDKv350_Flir/gremsy_lib/gimbal/gsdk_gimbal.c:882:17:GremsyGMB_SetFreeMode	40	static
D:/gPort_PSDKv350_Flir/gremsy_lib/gimbal/gsdk_gimbal.c:909:17:GremsyGMB_SetYawFollowMode	40	static
D:/gPort_PSDKv350_Flir/gremsy_lib/gimbal/gsdk_gimbal.c:936:17:GremsyGMB_SetResetMode	48	static
D:/gPort_PSDKv350_Flir/gremsy_lib/gimbal/gsdk_gimbal.c:967:17:GremsyGMB_SetGimbalOff	40	static
D:/gPort_PSDKv350_Flir/gremsy_lib/gimbal/gsdk_gimbal.c:996:17:GremsyGMB_SetGimbalOn	40	static
D:/gPort_PSDKv350_Flir/gremsy_lib/gimbal/gsdk_gimbal.c:1018:17:GremsyGMB_IsRunning	16	static
D:/gPort_PSDKv350_Flir/gremsy_lib/gimbal/gsdk_gimbal.c:1035:6:handle_mavlink_message	128	static
D:/gPort_PSDKv350_Flir/gremsy_lib/gimbal/gsdk_gimbal.c:1287:13:get_param_name	16	static
D:/gPort_PSDKv350_Flir/gremsy_lib/gimbal/gsdk_gimbal.c:1296:9:get_gmb_index	16	static
D:/gPort_PSDKv350_Flir/gremsy_lib/gimbal/gsdk_gimbal.c:1305:13:reset_params	16	static
D:/gPort_PSDKv350_Flir/gremsy_lib/gimbal/gsdk_gimbal.c:1326:6:fetch_params	16	static
D:/gPort_PSDKv350_Flir/gremsy_lib/gimbal/gsdk_gimbal.c:1345:13:params_initialized	16	static
D:/gPort_PSDKv350_Flir/gremsy_lib/gimbal/gsdk_gimbal.c:1362:16:params_received_all	16	static
D:/gPort_PSDKv350_Flir/gremsy_lib/gimbal/gsdk_gimbal.c:1380:13:get_param	16	static
D:/gPort_PSDKv350_Flir/gremsy_lib/gimbal/gsdk_gimbal.c:1399:13:set_param	624	static
D:/gPort_PSDKv350_Flir/gremsy_lib/gimbal/gsdk_gimbal.c:1462:13:param_update	640	static
D:/gPort_PSDKv350_Flir/gremsy_lib/gimbal/gsdk_gimbal.c:1576:13:handle_param_value	48	static
D:/gPort_PSDKv350_Flir/gremsy_lib/gimbal/gsdk_gimbal.c:1658:6:GremsyGMB_SetAxisParameters	32	static
D:/gPort_PSDKv350_Flir/gremsy_lib/gimbal/gsdk_gimbal.c:1745:6:get_axis_parameters	32	static
D:/gPort_PSDKv350_Flir/gremsy_lib/gimbal/gsdk_gimbal.c:1854:6:GremsyGMB_SetGyroFilter	16	static
D:/gPort_PSDKv350_Flir/gremsy_lib/gimbal/gsdk_gimbal.c:1865:6:GremsyGMB_GetGyroFilter	24	static
D:/gPort_PSDKv350_Flir/gremsy_lib/gimbal/gsdk_gimbal.c:1882:6:GremsyGMB_SetOutputFilter	16	static
D:/gPort_PSDKv350_Flir/gremsy_lib/gimbal/gsdk_gimbal.c:1893:6:GremsyGMB_GetOutputFilter	24	static
D:/gPort_PSDKv350_Flir/gremsy_lib/gimbal/gsdk_gimbal.c:1905:17:GremsyGMB_GetMappingAngle	24	static
D:/gPort_PSDKv350_Flir/gremsy_lib/gimbal/gsdk_gimbal.c:1916:24:GimbalGremsy_SetParamDefault	16	static
D:/gPort_PSDKv350_Flir/gremsy_lib/gimbal/gsdk_gimbal.c:1960:17:GimbalGremsy_ParameterProcess	16	static
D:/gPort_PSDKv350_Flir/gremsy_lib/gimbal/gsdk_gimbal.c:2043:17:GimbalGremsy_sendHeartbeattoGimbal	24	static
D:/gPort_PSDKv350_Flir/gremsy_lib/gimbal/gsdk_gimbal.c:2075:17:GremsyGMB_SetSpeedConversionFactor	16	static
D:/gPort_PSDKv350_Flir/gremsy_lib/gimbal/gsdk_gimbal.c:2092:17:GremsyGMB_SetPitchStiffness	16	static
D:/gPort_PSDKv350_Flir/gremsy_lib/gimbal/gsdk_gimbal.c:2105:17:GremsyGMB_GetPitchStiffness	24	static
D:/gPort_PSDKv350_Flir/gremsy_lib/gimbal/gsdk_gimbal.c:2121:17:GremsyGMB_SetPitchHoldStrength	16	static
D:/gPort_PSDKv350_Flir/gremsy_lib/gimbal/gsdk_gimbal.c:2134:17:GremsyGMB_GetPitchHoldStrength	24	static
D:/gPort_PSDKv350_Flir/gremsy_lib/gimbal/gsdk_gimbal.c:2149:17:GremsyGMB_SetPitchSpeed	16	static
D:/gPort_PSDKv350_Flir/gremsy_lib/gimbal/gsdk_gimbal.c:2176:17:GremsyGMB_GetPitchSpeed	24	static
D:/gPort_PSDKv350_Flir/gremsy_lib/gimbal/gsdk_gimbal.c:2197:17:GremsyGMB_SetPitchSmooth	16	static
D:/gPort_PSDKv350_Flir/gremsy_lib/gimbal/gsdk_gimbal.c:2211:17:GremsyGMB_GetPitchsmooth	24	static
D:/gPort_PSDKv350_Flir/gremsy_lib/gimbal/gsdk_gimbal.c:2241:17:GremsyGMB_SetRollStiffness	16	static
D:/gPort_PSDKv350_Flir/gremsy_lib/gimbal/gsdk_gimbal.c:2254:17:GremsyGMB_GetRollStiffness	24	static
D:/gPort_PSDKv350_Flir/gremsy_lib/gimbal/gsdk_gimbal.c:2270:17:GremsyGMB_SetRollHoldStrength	16	static
D:/gPort_PSDKv350_Flir/gremsy_lib/gimbal/gsdk_gimbal.c:2284:17:GremsyGMB_GetRollHoldStrength	24	static
D:/gPort_PSDKv350_Flir/gremsy_lib/gimbal/gsdk_gimbal.c:2308:17:GremsyGMB_SetYawStiffness	16	static
D:/gPort_PSDKv350_Flir/gremsy_lib/gimbal/gsdk_gimbal.c:2321:17:GremsyGMB_GetYawStiffness	24	static
D:/gPort_PSDKv350_Flir/gremsy_lib/gimbal/gsdk_gimbal.c:2337:17:GremsyGMB_SetYawHoldStrength	16	static
D:/gPort_PSDKv350_Flir/gremsy_lib/gimbal/gsdk_gimbal.c:2351:17:GremsyGMB_GetYawHoldStrength	24	static
D:/gPort_PSDKv350_Flir/gremsy_lib/gimbal/gsdk_gimbal.c:2366:17:GremsyGMB_SetYawSpeed	16	static
D:/gPort_PSDKv350_Flir/gremsy_lib/gimbal/gsdk_gimbal.c:2382:17:GremsyGMB_GetYawSpeed	24	static
D:/gPort_PSDKv350_Flir/gremsy_lib/gimbal/gsdk_gimbal.c:2397:17:GremsyGMB_SetYawSmooth	16	static
D:/gPort_PSDKv350_Flir/gremsy_lib/gimbal/gsdk_gimbal.c:2410:17:GremsyGMB_GetYawsmooth	24	static
D:/gPort_PSDKv350_Flir/gremsy_lib/gimbal/gsdk_gimbal.c:2439:14:GremsyGMB_RecvTask	344	static
D:/gPort_PSDKv350_Flir/gremsy_lib/gimbal/gsdk_gimbal.c:2494:17:GremsyGMB_Init	32	static
