D:/gPort_PSDKv350_Flir/samples/sample_c/platform/rtos_freertos/stm32f4_discovery/drivers/BSP/eeprom.c:78:10:EE_Init	48	static
D:/gPort_PSDKv350_Flir/samples/sample_c/platform/rtos_freertos/stm32f4_discovery/drivers/BSP/eeprom.c:331:10:EE_VerifyPageFullyErased	24	static
D:/gPort_PSDKv350_Flir/samples/sample_c/platform/rtos_freertos/stm32f4_discovery/drivers/BSP/eeprom.c:369:10:EE_ReadVariable	32	static
D:/gPort_PSDKv350_Flir/samples/sample_c/platform/rtos_freertos/stm32f4_discovery/drivers/BSP/eeprom.c:428:10:EE_WriteVariable	24	static
D:/gPort_PSDKv350_Flir/samples/sample_c/platform/rtos_freertos/stm32f4_discovery/drivers/BSP/eeprom.c:452:26:EE_Format	40	static
D:/gPort_PSDKv350_Flir/samples/sample_c/platform/rtos_freertos/stm32f4_discovery/drivers/BSP/eeprom.c:504:17:EE_FindValidPage	24	static
D:/gPort_PSDKv350_Flir/samples/sample_c/platform/rtos_freertos/stm32f4_discovery/drivers/BSP/eeprom.c:576:17:EE_VerifyPageFullWriteVariable	48	static
D:/gPort_PSDKv350_Flir/samples/sample_c/platform/rtos_freertos/stm32f4_discovery/drivers/BSP/eeprom.c:637:17:EE_PageTransfer	56	static
