D:/gPort_PSDKv350_Flir/samples/sample_c/platform/rtos_freertos/stm32f4_discovery/drivers/BSP/led.c:61:13:GsdkLed_SetLedRed	8	static
D:/gPort_PSDKv350_Flir/samples/sample_c/platform/rtos_freertos/stm32f4_discovery/drivers/BSP/led.c:66:13:GsdkLed_ResetLedRed	8	static
D:/gPort_PSDKv350_Flir/samples/sample_c/platform/rtos_freertos/stm32f4_discovery/drivers/BSP/led.c:71:13:GsdkLed_SetLedGreen	8	static
D:/gPort_PSDKv350_Flir/samples/sample_c/platform/rtos_freertos/stm32f4_discovery/drivers/BSP/led.c:76:13:GsdkLed_ResetLedGreen	8	static
D:/gPort_PSDKv350_Flir/samples/sample_c/platform/rtos_freertos/stm32f4_discovery/drivers/BSP/led.c:81:13:GsdkLed_SetLedBlue	8	static
D:/gPort_PSDKv350_Flir/samples/sample_c/platform/rtos_freertos/stm32f4_discovery/drivers/BSP/led.c:86:13:GsdkLed_ResetLedBlue	8	static
D:/gPort_PSDKv350_Flir/samples/sample_c/platform/rtos_freertos/stm32f4_discovery/drivers/BSP/led.c:96:13:GsdkLed_EnableLedColor	16	static
D:/gPort_PSDKv350_Flir/samples/sample_c/platform/rtos_freertos/stm32f4_discovery/drivers/BSP/led.c:148:13:GsdkLed_SetColor	16	static
D:/gPort_PSDKv350_Flir/samples/sample_c/platform/rtos_freertos/stm32f4_discovery/drivers/BSP/led.c:159:13:GsdkLed_SetToggle	16	static
D:/gPort_PSDKv350_Flir/samples/sample_c/platform/rtos_freertos/stm32f4_discovery/drivers/BSP/led.c:173:13:GsdkLed_Process	16	static
D:/gPort_PSDKv350_Flir/samples/sample_c/platform/rtos_freertos/stm32f4_discovery/drivers/BSP/led.c:202:17:GsdkLed_Init	40	static
