D:/gPort_PSDKv350_Flir/samples/sample_c/platform/rtos_freertos/stm32f4_discovery/drivers/BSP/stm32f4xx_it.c:73:6:NMI_Handler	4	static
D:/gPort_PSDKv350_Flir/samples/sample_c/platform/rtos_freertos/stm32f4_discovery/drivers/BSP/stm32f4xx_it.c:88:6:HardFault_Handler	4	static
D:/gPort_PSDKv350_Flir/samples/sample_c/platform/rtos_freertos/stm32f4_discovery/drivers/BSP/stm32f4xx_it.c:103:6:MemManage_Handler	4	static
D:/gPort_PSDKv350_Flir/samples/sample_c/platform/rtos_freertos/stm32f4_discovery/drivers/BSP/stm32f4xx_it.c:118:6:BusFault_Handler	4	static
D:/gPort_PSDKv350_Flir/samples/sample_c/platform/rtos_freertos/stm32f4_discovery/drivers/BSP/stm32f4xx_it.c:133:6:UsageFault_Handler	4	static
D:/gPort_PSDKv350_Flir/samples/sample_c/platform/rtos_freertos/stm32f4_discovery/drivers/BSP/stm32f4xx_it.c:148:6:DebugMon_Handler	4	static
D:/gPort_PSDKv350_Flir/samples/sample_c/platform/rtos_freertos/stm32f4_discovery/drivers/BSP/stm32f4xx_it.c:168:6:TIM1_UP_TIM10_IRQHandler	8	static
