D:/gPort_PSDKv350_Flir/samples/sample_c/platform/rtos_freertos/stm32f4_discovery/middlewares/ST/STM32_USB_Host_Library/Class/CDC/Src/usbh_cdc.c:153:6:USBH_CDC_DataQueueInit	8	static
D:/gPort_PSDKv350_Flir/samples/sample_c/platform/rtos_freertos/stm32f4_discovery/middlewares/ST/STM32_USB_Host_Library/Class/CDC/Src/usbh_cdc.c:159:6:USBH_CDC_WriteData	24	static
D:/gPort_PSDKv350_Flir/samples/sample_c/platform/rtos_freertos/stm32f4_discovery/middlewares/ST/STM32_USB_Host_Library/Class/CDC/Src/usbh_cdc.c:169:6:USBH_CDC_ReadData	24	static
D:/gPort_PSDKv350_Flir/samples/sample_c/platform/rtos_freertos/stm32f4_discovery/middlewares/ST/STM32_USB_Host_Library/Class/CDC/Src/usbh_cdc.c:197:27:USBH_CDC_InterfaceInit	48	static
D:/gPort_PSDKv350_Flir/samples/sample_c/platform/rtos_freertos/stm32f4_discovery/middlewares/ST/STM32_USB_Host_Library/Class/CDC/Src/usbh_cdc.c:305:27:USBH_CDC_InterfaceDeInit	24	static
D:/gPort_PSDKv350_Flir/samples/sample_c/platform/rtos_freertos/stm32f4_discovery/middlewares/ST/STM32_USB_Host_Library/Class/CDC/Src/usbh_cdc.c:335:13:CDC_SetInitialValue	24	static
D:/gPort_PSDKv350_Flir/samples/sample_c/platform/rtos_freertos/stm32f4_discovery/middlewares/ST/STM32_USB_Host_Library/Class/CDC/Src/usbh_cdc.c:354:27:USBH_CDC_ClassRequest	16	static
D:/gPort_PSDKv350_Flir/samples/sample_c/platform/rtos_freertos/stm32f4_discovery/middlewares/ST/STM32_USB_Host_Library/Class/CDC/Src/usbh_cdc.c:369:27:USBH_CDC_Process	1064	static
D:/gPort_PSDKv350_Flir/samples/sample_c/platform/rtos_freertos/stm32f4_discovery/middlewares/ST/STM32_USB_Host_Library/Class/CDC/Src/usbh_cdc.c:409:27:USBH_CDC_SOFProcess	16	static
D:/gPort_PSDKv350_Flir/samples/sample_c/platform/rtos_freertos/stm32f4_discovery/middlewares/ST/STM32_USB_Host_Library/Class/CDC/Src/usbh_cdc.c:424:20:USBH_CDC_Stop	24	static
D:/gPort_PSDKv350_Flir/samples/sample_c/platform/rtos_freertos/stm32f4_discovery/middlewares/ST/STM32_USB_Host_Library/Class/CDC/Src/usbh_cdc.c:444:27:GetLineCoding	16	static
D:/gPort_PSDKv350_Flir/samples/sample_c/platform/rtos_freertos/stm32f4_discovery/middlewares/ST/STM32_USB_Host_Library/Class/CDC/Src/usbh_cdc.c:467:27:SetLineCoding	16	static
D:/gPort_PSDKv350_Flir/samples/sample_c/platform/rtos_freertos/stm32f4_discovery/middlewares/ST/STM32_USB_Host_Library/Class/CDC/Src/usbh_cdc.c:488:20:USBH_CDC_SetLineCoding	24	static
D:/gPort_PSDKv350_Flir/samples/sample_c/platform/rtos_freertos/stm32f4_discovery/middlewares/ST/STM32_USB_Host_Library/Class/CDC/Src/usbh_cdc.c:515:20:USBH_CDC_GetLineCoding	24	static
D:/gPort_PSDKv350_Flir/samples/sample_c/platform/rtos_freertos/stm32f4_discovery/middlewares/ST/STM32_USB_Host_Library/Class/CDC/Src/usbh_cdc.c:533:10:USBH_CDC_GetLastReceivedDataSize	24	static
D:/gPort_PSDKv350_Flir/samples/sample_c/platform/rtos_freertos/stm32f4_discovery/middlewares/ST/STM32_USB_Host_Library/Class/CDC/Src/usbh_cdc.c:552:20:USBH_CDC_Transmit	32	static
D:/gPort_PSDKv350_Flir/samples/sample_c/platform/rtos_freertos/stm32f4_discovery/middlewares/ST/STM32_USB_Host_Library/Class/CDC/Src/usbh_cdc.c:582:20:USBH_CDC_Receive	32	static
D:/gPort_PSDKv350_Flir/samples/sample_c/platform/rtos_freertos/stm32f4_discovery/middlewares/ST/STM32_USB_Host_Library/Class/CDC/Src/usbh_cdc.c:611:13:CDC_ProcessTransmission	32	static
D:/gPort_PSDKv350_Flir/samples/sample_c/platform/rtos_freertos/stm32f4_discovery/middlewares/ST/STM32_USB_Host_Library/Class/CDC/Src/usbh_cdc.c:690:13:CDC_ProcessReception	32	static
D:/gPort_PSDKv350_Flir/samples/sample_c/platform/rtos_freertos/stm32f4_discovery/middlewares/ST/STM32_USB_Host_Library/Class/CDC/Src/usbh_cdc.c:747:13:USBH_CDC_TransmitCallback	16	static
D:/gPort_PSDKv350_Flir/samples/sample_c/platform/rtos_freertos/stm32f4_discovery/middlewares/ST/STM32_USB_Host_Library/Class/CDC/Src/usbh_cdc.c:758:13:USBH_CDC_ReceiveCallback	32	static
D:/gPort_PSDKv350_Flir/samples/sample_c/platform/rtos_freertos/stm32f4_discovery/middlewares/ST/STM32_USB_Host_Library/Class/CDC/Src/usbh_cdc.c:775:13:USBH_CDC_LineCodingChanged	16	static
