D:/gPort_PSDKv350_Flir/samples/sample_c/platform/rtos_freertos/stm32f4_discovery/bootloader/ymodem.c:127:26:ReceivePacket	40	static
D:/gPort_PSDKv350_Flir/samples/sample_c/platform/rtos_freertos/stm32f4_discovery/bootloader/ymodem.c:199:13:PrepareIntialPacket	48	static
D:/gPort_PSDKv350_Flir/samples/sample_c/platform/rtos_freertos/stm32f4_discovery/bootloader/ymodem.c:237:13:PreparePacket	40	static
D:/gPort_PSDKv350_Flir/samples/sample_c/platform/rtos_freertos/stm32f4_discovery/bootloader/ymodem.c:271:10:UpdateCRC16	24	static
D:/gPort_PSDKv350_Flir/samples/sample_c/platform/rtos_freertos/stm32f4_discovery/bootloader/ymodem.c:294:10:Cal_CRC16	24	static
D:/gPort_PSDKv350_Flir/samples/sample_c/platform/rtos_freertos/stm32f4_discovery/bootloader/ymodem.c:314:9:CalcChecksum	24	static
D:/gPort_PSDKv350_Flir/samples/sample_c/platform/rtos_freertos/stm32f4_discovery/bootloader/ymodem.c:332:19:Ymodem_Receive	80	static
D:/gPort_PSDKv350_Flir/samples/sample_c/platform/rtos_freertos/stm32f4_discovery/bootloader/ymodem.c:462:19:Ymodem_Transmit	64	static
D:/gPort_PSDKv350_Flir/samples/sample_c/platform/rtos_freertos/stm32f4_discovery/bootloader/ymodem.c:637:19:Uart_ReadWithTimeOut	40	static
D:/gPort_PSDKv350_Flir/samples/sample_c/platform/rtos_freertos/stm32f4_discovery/bootloader/ymodem.c:658:19:Uart_WriteWithTimeOut	32	static
