D:/gPort_PSDKv350_Flir/samples/sample_c/platform/rtos_freertos/stm32f4_discovery/middlewares/Third_Party/FreeRTOS/Source/CMSIS_RTOS/cmsis_os.c:103:31:makeFreeRtosPriority	24	static
D:/gPort_PSDKv350_Flir/samples/sample_c/platform/rtos_freertos/stm32f4_discovery/middlewares/Third_Party/FreeRTOS/Source/CMSIS_RTOS/cmsis_os.c:116:19:makeCmsisPriority	24	static
D:/gPort_PSDKv350_Flir/samples/sample_c/platform/rtos_freertos/stm32f4_discovery/middlewares/Third_Party/FreeRTOS/Source/CMSIS_RTOS/cmsis_os.c:130:12:inHandlerMode	16	static,ignoring_inline_asm
D:/gPort_PSDKv350_Flir/samples/sample_c/platform/rtos_freertos/stm32f4_discovery/middlewares/Third_Party/FreeRTOS/Source/CMSIS_RTOS/cmsis_os.c:150:10:osKernelStart	8	static
D:/gPort_PSDKv350_Flir/samples/sample_c/platform/rtos_freertos/stm32f4_discovery/middlewares/Third_Party/FreeRTOS/Source/CMSIS_RTOS/cmsis_os.c:165:9:osKernelRunning	8	static
D:/gPort_PSDKv350_Flir/samples/sample_c/platform/rtos_freertos/stm32f4_discovery/middlewares/Third_Party/FreeRTOS/Source/CMSIS_RTOS/cmsis_os.c:184:10:osKernelSysTick	8	static
D:/gPort_PSDKv350_Flir/samples/sample_c/platform/rtos_freertos/stm32f4_discovery/middlewares/Third_Party/FreeRTOS/Source/CMSIS_RTOS/cmsis_os.c:202:12:osThreadCreate	48	static
D:/gPort_PSDKv350_Flir/samples/sample_c/platform/rtos_freertos/stm32f4_discovery/middlewares/Third_Party/FreeRTOS/Source/CMSIS_RTOS/cmsis_os.c:240:12:osThreadGetId	8	static
D:/gPort_PSDKv350_Flir/samples/sample_c/platform/rtos_freertos/stm32f4_discovery/middlewares/Third_Party/FreeRTOS/Source/CMSIS_RTOS/cmsis_os.c:255:10:osThreadTerminate	16	static
D:/gPort_PSDKv350_Flir/samples/sample_c/platform/rtos_freertos/stm32f4_discovery/middlewares/Third_Party/FreeRTOS/Source/CMSIS_RTOS/cmsis_os.c:270:10:osThreadYield	4	static,ignoring_inline_asm
D:/gPort_PSDKv350_Flir/samples/sample_c/platform/rtos_freertos/stm32f4_discovery/middlewares/Third_Party/FreeRTOS/Source/CMSIS_RTOS/cmsis_os.c:284:10:osThreadSetPriority	16	static
D:/gPort_PSDKv350_Flir/samples/sample_c/platform/rtos_freertos/stm32f4_discovery/middlewares/Third_Party/FreeRTOS/Source/CMSIS_RTOS/cmsis_os.c:300:12:osThreadGetPriority	16	static
D:/gPort_PSDKv350_Flir/samples/sample_c/platform/rtos_freertos/stm32f4_discovery/middlewares/Third_Party/FreeRTOS/Source/CMSIS_RTOS/cmsis_os.c:322:10:osDelay	24	static
D:/gPort_PSDKv350_Flir/samples/sample_c/platform/rtos_freertos/stm32f4_discovery/middlewares/Third_Party/FreeRTOS/Source/CMSIS_RTOS/cmsis_os.c:357:11:osTimerCreate	24	static
D:/gPort_PSDKv350_Flir/samples/sample_c/platform/rtos_freertos/stm32f4_discovery/middlewares/Third_Party/FreeRTOS/Source/CMSIS_RTOS/cmsis_os.c:404:10:osTimerStart	24	static
D:/gPort_PSDKv350_Flir/samples/sample_c/platform/rtos_freertos/stm32f4_discovery/middlewares/Third_Party/FreeRTOS/Source/CMSIS_RTOS/cmsis_os.c:443:10:osTimerStop	24	static
D:/gPort_PSDKv350_Flir/samples/sample_c/platform/rtos_freertos/stm32f4_discovery/middlewares/Third_Party/FreeRTOS/Source/CMSIS_RTOS/cmsis_os.c:472:10:osTimerDelete	24	static
D:/gPort_PSDKv350_Flir/samples/sample_c/platform/rtos_freertos/stm32f4_discovery/middlewares/Third_Party/FreeRTOS/Source/CMSIS_RTOS/cmsis_os.c:502:9:osSignalSet	32	static,ignoring_inline_asm
D:/gPort_PSDKv350_Flir/samples/sample_c/platform/rtos_freertos/stm32f4_discovery/middlewares/Third_Party/FreeRTOS/Source/CMSIS_RTOS/cmsis_os.c:543:9:osSignalWait	48	static
D:/gPort_PSDKv350_Flir/samples/sample_c/platform/rtos_freertos/stm32f4_discovery/middlewares/Third_Party/FreeRTOS/Source/CMSIS_RTOS/cmsis_os.c:597:11:osMutexCreate	16	static
D:/gPort_PSDKv350_Flir/samples/sample_c/platform/rtos_freertos/stm32f4_discovery/middlewares/Third_Party/FreeRTOS/Source/CMSIS_RTOS/cmsis_os.c:626:10:osMutexWait	24	static,ignoring_inline_asm
D:/gPort_PSDKv350_Flir/samples/sample_c/platform/rtos_freertos/stm32f4_discovery/middlewares/Third_Party/FreeRTOS/Source/CMSIS_RTOS/cmsis_os.c:666:10:osMutexRelease	24	static,ignoring_inline_asm
D:/gPort_PSDKv350_Flir/samples/sample_c/platform/rtos_freertos/stm32f4_discovery/middlewares/Third_Party/FreeRTOS/Source/CMSIS_RTOS/cmsis_os.c:690:10:osMutexDelete	16	static
D:/gPort_PSDKv350_Flir/samples/sample_c/platform/rtos_freertos/stm32f4_discovery/middlewares/Third_Party/FreeRTOS/Source/CMSIS_RTOS/cmsis_os.c:712:15:osSemaphoreCreate	24	static
D:/gPort_PSDKv350_Flir/samples/sample_c/platform/rtos_freertos/stm32f4_discovery/middlewares/Third_Party/FreeRTOS/Source/CMSIS_RTOS/cmsis_os.c:779:9:osSemaphoreWait	24	static,ignoring_inline_asm
D:/gPort_PSDKv350_Flir/samples/sample_c/platform/rtos_freertos/stm32f4_discovery/middlewares/Third_Party/FreeRTOS/Source/CMSIS_RTOS/cmsis_os.c:819:10:osSemaphoreRelease	24	static,ignoring_inline_asm
D:/gPort_PSDKv350_Flir/samples/sample_c/platform/rtos_freertos/stm32f4_discovery/middlewares/Third_Party/FreeRTOS/Source/CMSIS_RTOS/cmsis_os.c:846:10:osSemaphoreDelete	16	static
D:/gPort_PSDKv350_Flir/samples/sample_c/platform/rtos_freertos/stm32f4_discovery/middlewares/Third_Party/FreeRTOS/Source/CMSIS_RTOS/cmsis_os.c:882:10:osPoolCreate	32	static
D:/gPort_PSDKv350_Flir/samples/sample_c/platform/rtos_freertos/stm32f4_discovery/middlewares/Third_Party/FreeRTOS/Source/CMSIS_RTOS/cmsis_os.c:935:7:osPoolAlloc	48	static,ignoring_inline_asm
D:/gPort_PSDKv350_Flir/samples/sample_c/platform/rtos_freertos/stm32f4_discovery/middlewares/Third_Party/FreeRTOS/Source/CMSIS_RTOS/cmsis_os.c:976:7:osPoolCAlloc	24	static
D:/gPort_PSDKv350_Flir/samples/sample_c/platform/rtos_freertos/stm32f4_discovery/middlewares/Third_Party/FreeRTOS/Source/CMSIS_RTOS/cmsis_os.c:995:10:osPoolFree	24	static
D:/gPort_PSDKv350_Flir/samples/sample_c/platform/rtos_freertos/stm32f4_discovery/middlewares/Third_Party/FreeRTOS/Source/CMSIS_RTOS/cmsis_os.c:1039:14:osMessageCreate	16	static
D:/gPort_PSDKv350_Flir/samples/sample_c/platform/rtos_freertos/stm32f4_discovery/middlewares/Third_Party/FreeRTOS/Source/CMSIS_RTOS/cmsis_os.c:1066:10:osMessagePut	32	static,ignoring_inline_asm
D:/gPort_PSDKv350_Flir/samples/sample_c/platform/rtos_freertos/stm32f4_discovery/middlewares/Third_Party/FreeRTOS/Source/CMSIS_RTOS/cmsis_os.c:1098:9:osMessageGet	56	static,ignoring_inline_asm
D:/gPort_PSDKv350_Flir/samples/sample_c/platform/rtos_freertos/stm32f4_discovery/middlewares/Third_Party/FreeRTOS/Source/CMSIS_RTOS/cmsis_os.c:1167:11:osMailCreate	40	static
D:/gPort_PSDKv350_Flir/samples/sample_c/platform/rtos_freertos/stm32f4_discovery/middlewares/Third_Party/FreeRTOS/Source/CMSIS_RTOS/cmsis_os.c:1212:7:osMailAlloc	24	static
D:/gPort_PSDKv350_Flir/samples/sample_c/platform/rtos_freertos/stm32f4_discovery/middlewares/Third_Party/FreeRTOS/Source/CMSIS_RTOS/cmsis_os.c:1234:7:osMailCAlloc	24	static
D:/gPort_PSDKv350_Flir/samples/sample_c/platform/rtos_freertos/stm32f4_discovery/middlewares/Third_Party/FreeRTOS/Source/CMSIS_RTOS/cmsis_os.c:1255:10:osMailPut	24	static,ignoring_inline_asm
D:/gPort_PSDKv350_Flir/samples/sample_c/platform/rtos_freertos/stm32f4_discovery/middlewares/Third_Party/FreeRTOS/Source/CMSIS_RTOS/cmsis_os.c:1288:9:osMailGet	56	static,ignoring_inline_asm
D:/gPort_PSDKv350_Flir/samples/sample_c/platform/rtos_freertos/stm32f4_discovery/middlewares/Third_Party/FreeRTOS/Source/CMSIS_RTOS/cmsis_os.c:1344:10:osMailFree	16	static
D:/gPort_PSDKv350_Flir/samples/sample_c/platform/rtos_freertos/stm32f4_discovery/middlewares/Third_Party/FreeRTOS/Source/CMSIS_RTOS/cmsis_os.c:1360:6:osSystickHandler	8	static
D:/gPort_PSDKv350_Flir/samples/sample_c/platform/rtos_freertos/stm32f4_discovery/middlewares/Third_Party/FreeRTOS/Source/CMSIS_RTOS/cmsis_os.c:1430:10:osThreadSuspend	16	static
D:/gPort_PSDKv350_Flir/samples/sample_c/platform/rtos_freertos/stm32f4_discovery/middlewares/Third_Party/FreeRTOS/Source/CMSIS_RTOS/cmsis_os.c:1446:10:osThreadResume	16	static,ignoring_inline_asm
D:/gPort_PSDKv350_Flir/samples/sample_c/platform/rtos_freertos/stm32f4_discovery/middlewares/Third_Party/FreeRTOS/Source/CMSIS_RTOS/cmsis_os.c:1470:10:osThreadSuspendAll	8	static
D:/gPort_PSDKv350_Flir/samples/sample_c/platform/rtos_freertos/stm32f4_discovery/middlewares/Third_Party/FreeRTOS/Source/CMSIS_RTOS/cmsis_os.c:1481:10:osThreadResumeAll	8	static
D:/gPort_PSDKv350_Flir/samples/sample_c/platform/rtos_freertos/stm32f4_discovery/middlewares/Third_Party/FreeRTOS/Source/CMSIS_RTOS/cmsis_os.c:1498:10:osDelayUntil	16	static
D:/gPort_PSDKv350_Flir/samples/sample_c/platform/rtos_freertos/stm32f4_discovery/middlewares/Third_Party/FreeRTOS/Source/CMSIS_RTOS/cmsis_os.c:1518:10:osAbortDelay	16	static
D:/gPort_PSDKv350_Flir/samples/sample_c/platform/rtos_freertos/stm32f4_discovery/middlewares/Third_Party/FreeRTOS/Source/CMSIS_RTOS/cmsis_os.c:1539:10:osThreadList	16	static
D:/gPort_PSDKv350_Flir/samples/sample_c/platform/rtos_freertos/stm32f4_discovery/middlewares/Third_Party/FreeRTOS/Source/CMSIS_RTOS/cmsis_os.c:1553:9:osMessagePeek	48	static
D:/gPort_PSDKv350_Flir/samples/sample_c/platform/rtos_freertos/stm32f4_discovery/middlewares/Third_Party/FreeRTOS/Source/CMSIS_RTOS/cmsis_os.c:1594:10:osMessageWaiting	16	static
D:/gPort_PSDKv350_Flir/samples/sample_c/platform/rtos_freertos/stm32f4_discovery/middlewares/Third_Party/FreeRTOS/Source/CMSIS_RTOS/cmsis_os.c:1610:10:osMessageAvailableSpace	16	static
D:/gPort_PSDKv350_Flir/samples/sample_c/platform/rtos_freertos/stm32f4_discovery/middlewares/Third_Party/FreeRTOS/Source/CMSIS_RTOS/cmsis_os.c:1620:10:osMessageDelete	16	static
D:/gPort_PSDKv350_Flir/samples/sample_c/platform/rtos_freertos/stm32f4_discovery/middlewares/Third_Party/FreeRTOS/Source/CMSIS_RTOS/cmsis_os.c:1636:11:osRecursiveMutexCreate	16	static
D:/gPort_PSDKv350_Flir/samples/sample_c/platform/rtos_freertos/stm32f4_discovery/middlewares/Third_Party/FreeRTOS/Source/CMSIS_RTOS/cmsis_os.c:1662:10:osRecursiveMutexRelease	16	static
D:/gPort_PSDKv350_Flir/samples/sample_c/platform/rtos_freertos/stm32f4_discovery/middlewares/Third_Party/FreeRTOS/Source/CMSIS_RTOS/cmsis_os.c:1683:10:osRecursiveMutexWait	16	static
D:/gPort_PSDKv350_Flir/samples/sample_c/platform/rtos_freertos/stm32f4_discovery/middlewares/Third_Party/FreeRTOS/Source/CMSIS_RTOS/cmsis_os.c:1722:10:osSemaphoreGetCount	16	static
