D:/gPort_PSDKv350_Flir/samples/sample_c/module_sample/camera_emu/test_payload_cam_emu_base.c:176:24:GetSystemState	48	static
D:/gPort_PSDKv350_Flir/samples/sample_c/module_sample/camera_emu/test_payload_cam_emu_base.c:198:24:SetMode	40	static
D:/gPort_PSDKv350_Flir/samples/sample_c/module_sample/camera_emu/test_payload_cam_emu_base.c:221:24:StartRecordVideo	40	static
D:/gPort_PSDKv350_Flir/samples/sample_c/module_sample/camera_emu/test_payload_cam_emu_base.c:256:24:StopRecordVideo	40	static
D:/gPort_PSDKv350_Flir/samples/sample_c/module_sample/camera_emu/test_payload_cam_emu_base.c:291:24:StartShootPhoto	32	static
D:/gPort_PSDKv350_Flir/samples/sample_c/module_sample/camera_emu/test_payload_cam_emu_base.c:328:24:StopShootPhoto	32	static
D:/gPort_PSDKv350_Flir/samples/sample_c/module_sample/camera_emu/test_payload_cam_emu_base.c:353:24:SetShootPhotoMode	40	static
D:/gPort_PSDKv350_Flir/samples/sample_c/module_sample/camera_emu/test_payload_cam_emu_base.c:376:24:GetShootPhotoMode	40	static
D:/gPort_PSDKv350_Flir/samples/sample_c/module_sample/camera_emu/test_payload_cam_emu_base.c:398:24:SetPhotoBurstCount	40	static
D:/gPort_PSDKv350_Flir/samples/sample_c/module_sample/camera_emu/test_payload_cam_emu_base.c:421:24:GetPhotoBurstCount	40	static
D:/gPort_PSDKv350_Flir/samples/sample_c/module_sample/camera_emu/test_payload_cam_emu_base.c:443:24:SetPhotoTimeIntervalSettings	40	static
D:/gPort_PSDKv350_Flir/samples/sample_c/module_sample/camera_emu/test_payload_cam_emu_base.c:469:24:GetPhotoTimeIntervalSettings	40	static
D:/gPort_PSDKv350_Flir/samples/sample_c/module_sample/camera_emu/test_payload_cam_emu_base.c:491:24:GetSDCardState	40	static
D:/gPort_PSDKv350_Flir/samples/sample_c/module_sample/camera_emu/test_payload_cam_emu_base.c:513:24:FormatSDCard	32	static
D:/gPort_PSDKv350_Flir/samples/sample_c/module_sample/camera_emu/test_payload_cam_emu_base.c:544:24:SetMeteringMode	24	static
D:/gPort_PSDKv350_Flir/samples/sample_c/module_sample/camera_emu/test_payload_cam_emu_base.c:552:24:GetMeteringMode	16	static
D:/gPort_PSDKv350_Flir/samples/sample_c/module_sample/camera_emu/test_payload_cam_emu_base.c:559:24:SetSpotMeteringTarget	24	static
D:/gPort_PSDKv350_Flir/samples/sample_c/module_sample/camera_emu/test_payload_cam_emu_base.c:567:24:GetSpotMeteringTarget	16	static
D:/gPort_PSDKv350_Flir/samples/sample_c/module_sample/camera_emu/test_payload_cam_emu_base.c:574:24:SetFocusMode	24	static
D:/gPort_PSDKv350_Flir/samples/sample_c/module_sample/camera_emu/test_payload_cam_emu_base.c:582:24:GetFocusMode	16	static
D:/gPort_PSDKv350_Flir/samples/sample_c/module_sample/camera_emu/test_payload_cam_emu_base.c:589:24:SetFocusTarget	40	static
D:/gPort_PSDKv350_Flir/samples/sample_c/module_sample/camera_emu/test_payload_cam_emu_base.c:597:24:GetFocusTarget	16	static
D:/gPort_PSDKv350_Flir/samples/sample_c/module_sample/camera_emu/test_payload_cam_emu_base.c:604:24:SetFocusAssistantSettings	24	static
D:/gPort_PSDKv350_Flir/samples/sample_c/module_sample/camera_emu/test_payload_cam_emu_base.c:612:24:GetFocusAssistantSettings	16	static
D:/gPort_PSDKv350_Flir/samples/sample_c/module_sample/camera_emu/test_payload_cam_emu_base.c:619:24:SetFocusRingValue	24	static
D:/gPort_PSDKv350_Flir/samples/sample_c/module_sample/camera_emu/test_payload_cam_emu_base.c:627:24:GetFocusRingValue	16	static
D:/gPort_PSDKv350_Flir/samples/sample_c/module_sample/camera_emu/test_payload_cam_emu_base.c:634:24:GetFocusRingValueUpperBound	16	static
D:/gPort_PSDKv350_Flir/samples/sample_c/module_sample/camera_emu/test_payload_cam_emu_base.c:641:24:SetDigitalZoomFactor	40	static
D:/gPort_PSDKv350_Flir/samples/sample_c/module_sample/camera_emu/test_payload_cam_emu_base.c:667:24:SetOpticalZoomFocalLength	40	static
D:/gPort_PSDKv350_Flir/samples/sample_c/module_sample/camera_emu/test_payload_cam_emu_base.c:695:24:GetOpticalZoomFocalLength	40	static
D:/gPort_PSDKv350_Flir/samples/sample_c/module_sample/camera_emu/test_payload_cam_emu_base.c:717:24:GetOpticalZoomSpec	16	static
D:/gPort_PSDKv350_Flir/samples/sample_c/module_sample/camera_emu/test_payload_cam_emu_base.c:726:24:StartContinuousOpticalZoom	40	static
D:/gPort_PSDKv350_Flir/samples/sample_c/module_sample/camera_emu/test_payload_cam_emu_base.c:813:24:StopContinuousOpticalZoom	32	static
D:/gPort_PSDKv350_Flir/samples/sample_c/module_sample/camera_emu/test_payload_cam_emu_base.c:838:24:GetTapZoomState	40	static
D:/gPort_PSDKv350_Flir/samples/sample_c/module_sample/camera_emu/test_payload_cam_emu_base.c:860:24:SetTapZoomEnabled	24	static
D:/gPort_PSDKv350_Flir/samples/sample_c/module_sample/camera_emu/test_payload_cam_emu_base.c:868:24:GetTapZoomEnabled	16	static
D:/gPort_PSDKv350_Flir/samples/sample_c/module_sample/camera_emu/test_payload_cam_emu_base.c:875:24:SetTapZoomMultiplier	24	static
D:/gPort_PSDKv350_Flir/samples/sample_c/module_sample/camera_emu/test_payload_cam_emu_base.c:883:24:GetTapZoomMultiplier	16	static
D:/gPort_PSDKv350_Flir/samples/sample_c/module_sample/camera_emu/test_payload_cam_emu_base.c:890:24:TapZoomAtTarget	96	static
D:/gPort_PSDKv350_Flir/samples/sample_c/module_sample/camera_emu/test_payload_cam_emu_base.c:961:24:DjiTest_CameraHybridZoom	24	static
D:/gPort_PSDKv350_Flir/samples/sample_c/module_sample/camera_emu/test_payload_cam_emu_base.c:981:24:DjiTest_CameraRotationGimbal	64	static
D:/gPort_PSDKv350_Flir/samples/sample_c/module_sample/camera_emu/test_payload_cam_emu_base.c:1021:14:UserCamera_Task	88	static
D:/gPort_PSDKv350_Flir/samples/sample_c/module_sample/camera_emu/test_payload_cam_emu_base.c:1293:17:DjiTest_CameraEmuBaseStartService	64	static
D:/gPort_PSDKv350_Flir/samples/sample_c/module_sample/camera_emu/test_payload_cam_emu_base.c:1471:17:DjiTest_CameraGetDigitalZoomFactor	40	static
D:/gPort_PSDKv350_Flir/samples/sample_c/module_sample/camera_emu/test_payload_cam_emu_base.c:1493:17:DjiTest_CameraGetOpticalZoomFactor	40	static
D:/gPort_PSDKv350_Flir/samples/sample_c/module_sample/camera_emu/test_payload_cam_emu_base.c:1522:17:DjiTest_CameraGetMode	40	static
D:/gPort_PSDKv350_Flir/samples/sample_c/module_sample/camera_emu/test_payload_cam_emu_base.c:1544:17:DjiTest_CameraGetVideoStreamType	16	static
D:/gPort_PSDKv350_Flir/samples/sample_c/module_sample/camera_emu/test_payload_cam_emu_base.c:1555:6:DjiTest_CameraIsInited	16	static
D:/gPort_PSDKv350_Flir/samples/sample_c/module_sample/camera_emu/test_payload_cam_emu_base.c:1562:17:Dji_CameraSetEvent	16	static
