D:/gPort_PSDKv350_Flir/gremsy_lib/mavlink/gsdk_mavlink.h:49:20:valid_channel	16	static
D:/gPort_PSDKv350_Flir/gremsy_lib/mavlink/checksum.h:35:20:crc_accumulate	24	static
D:/gPort_PSDKv350_Flir/gremsy_lib/mavlink/checksum.h:52:20:crc_init	16	static
D:/gPort_PSDKv350_Flir/gremsy_lib/mavlink/checksum.h:65:24:crc_calculate	24	static
D:/gPort_PSDKv350_Flir/gremsy_lib/mavlink/checksum.h:85:20:crc_accumulate_buffer	32	static
D:/gPort_PSDKv350_Flir/gremsy_lib/mavlink/mavlink_conversions.h:39:21:mavlink_quaternion_to_dcm	88	static
D:/gPort_PSDKv350_Flir/gremsy_lib/mavlink/mavlink_conversions.h:69:21:mavlink_dcm_to_euler	40	static
D:/gPort_PSDKv350_Flir/gremsy_lib/mavlink/mavlink_conversions.h:103:21:mavlink_quaternion_to_euler	64	static
D:/gPort_PSDKv350_Flir/gremsy_lib/mavlink/mavlink_conversions.h:119:21:mavlink_euler_to_quaternion	48	static
D:/gPort_PSDKv350_Flir/gremsy_lib/mavlink/mavlink_conversions.h:147:21:mavlink_dcm_to_quaternion	48	static
D:/gPort_PSDKv350_Flir/gremsy_lib/mavlink/mavlink_conversions.h:190:21:mavlink_euler_to_dcm	48	static
D:/gPort_PSDKv350_Flir/gremsy_lib/mavlink/mavlink_sha256.h:100:21:mavlink_sha256_init	16	static
D:/gPort_PSDKv350_Flir/gremsy_lib/mavlink/mavlink_sha256.h:114:20:mavlink_sha256_calc	320	static
D:/gPort_PSDKv350_Flir/gremsy_lib/mavlink/mavlink_sha256.h:161:21:mavlink_sha256_update	120	static
D:/gPort_PSDKv350_Flir/gremsy_lib/mavlink/mavlink_sha256.h:201:21:mavlink_sha256_final_48	104	static
D:/gPort_PSDKv350_Flir/gremsy_lib/mavlink/mavlink_helpers.h:23:34:mavlink_get_channel_status	16	static
D:/gPort_PSDKv350_Flir/gremsy_lib/mavlink/mavlink_helpers.h:39:35:mavlink_get_channel_buffer	16	static
D:/gPort_PSDKv350_Flir/gremsy_lib/mavlink/mavlink_helpers.h:63:21:mavlink_reset_channel_status	24	static
D:/gPort_PSDKv350_Flir/gremsy_lib/mavlink/mavlink_helpers.h:72:24:mavlink_sign_packet	144	static
D:/gPort_PSDKv350_Flir/gremsy_lib/mavlink/mavlink_helpers.h:109:24:_mav_trim_payload	16	static
D:/gPort_PSDKv350_Flir/gremsy_lib/mavlink/mavlink_helpers.h:120:21:mavlink_signature_check	184	static
D:/gPort_PSDKv350_Flir/gremsy_lib/mavlink/mavlink_helpers.h:212:25:mavlink_finalize_message_buffer	80	static
D:/gPort_PSDKv350_Flir/gremsy_lib/mavlink/mavlink_helpers.h:275:25:mavlink_finalize_message_chan	40	static
D:/gPort_PSDKv350_Flir/gremsy_lib/mavlink/mavlink_helpers.h:285:25:mavlink_finalize_message	32	static
D:/gPort_PSDKv350_Flir/gremsy_lib/mavlink/mavlink_helpers.h:291:20:_mav_parse_error	16	static
D:/gPort_PSDKv350_Flir/gremsy_lib/mavlink/mavlink_helpers.h:302:21:_mav_finalize_message_chan_send	96	static
D:/gPort_PSDKv350_Flir/gremsy_lib/mavlink/mavlink_helpers.h:375:21:_mavlink_resend_uart	40	static
D:/gPort_PSDKv350_Flir/gremsy_lib/mavlink/mavlink_helpers.h:428:25:mavlink_msg_to_send_buffer	32	static
D:/gPort_PSDKv350_Flir/gremsy_lib/mavlink/mavlink_helpers.h:481:21:mavlink_start_checksum	24	static
D:/gPort_PSDKv350_Flir/gremsy_lib/mavlink/mavlink_helpers.h:488:21:mavlink_update_checksum	24	static
D:/gPort_PSDKv350_Flir/gremsy_lib/mavlink/mavlink_helpers.h:499:43:mavlink_get_msg_entry	32	static
D:/gPort_PSDKv350_Flir/gremsy_lib/mavlink/mavlink_helpers.h:531:24:mavlink_get_crc_extra	24	static
D:/gPort_PSDKv350_Flir/gremsy_lib/mavlink/mavlink_helpers.h:541:24:mavlink_min_message_length	24	static
D:/gPort_PSDKv350_Flir/gremsy_lib/mavlink/mavlink_helpers.h:551:24:mavlink_max_message_length	24	static
D:/gPort_PSDKv350_Flir/gremsy_lib/mavlink/mavlink_helpers.h:571:24:mavlink_frame_char_buffer	40	static
D:/gPort_PSDKv350_Flir/gremsy_lib/mavlink/mavlink_helpers.h:891:24:mavlink_frame_char	40	static
D:/gPort_PSDKv350_Flir/gremsy_lib/mavlink/mavlink_helpers.h:903:21:mavlink_set_proto_version	24	static
D:/gPort_PSDKv350_Flir/gremsy_lib/mavlink/mavlink_helpers.h:918:29:mavlink_get_proto_version	24	static
D:/gPort_PSDKv350_Flir/gremsy_lib/mavlink/mavlink_helpers.h:969:24:mavlink_parse_char	40	static
D:/gPort_PSDKv350_Flir/gremsy_lib/mavlink/mavlink_helpers.h:1001:24:put_bitfield_n_by_index	32	static
D:/gPort_PSDKv350_Flir/gremsy_lib/mavlink/mavlink_helpers.h:1115:21:_mavlink_send_uart	16	static
D:/gPort_PSDKv350_Flir/gremsy_lib/mavlink/gsdk_mavlink.c:36:6:comm_send_buffer	24	static
D:/gPort_PSDKv350_Flir/gremsy_lib/mavlink/gsdk_mavlink.c:53:6:gremsy_mavlink_init	16	static
